// Jest Snapshot v1, https://goo.gl/fbAQLP

exports[`render component correctly 1`] = `
<div>
  <div
    class="container"
  >
    <form
      class=""
    >
      <div
        class="mb-3"
      >
        <label
          class="form-label"
          for="formBasicEmail"
        >
          Username
        </label>
        <input
          class="form-control"
          id="formBasicEmail"
          name="username"
          placeholder="Enter email"
          type="text"
        />
      </div>
      <div
        class="mb-3"
      >
        <label
          class="form-label"
          for="formBasicPassword"
        >
          Password
        </label>
        <input
          class="form-control"
          id="formBasicPassword"
          name="password"
          placeholder="Password"
          type="password"
        />
      </div>
      <button
        class="btn btn-primary"
        disabled=""
        type="submit"
      >
        Submit
      </button>
    </form>
    <hr />
    <button
      class="btn btn-success"
      style="width: 100%;"
      type="button"
    >
      Create an account
    </button>
  </div>
</div>
`;
