// Jest Snapshot v1, https://goo.gl/fbAQLP

exports[`create-posts-modal test should not show up when show is false 1`] = `
<body
  class=""
  style="padding-right: 1024px;"
>
  <div />
</body>
`;

exports[`create-posts-modal test should render correctly when show is true 1`] = `
<body
  class="modal-open"
  data-rr-ui-modal-open=""
  style="padding-right: 1024px;"
>
  <div />
  <div
    class="fade modal-backdrop show"
  />
  <div
    aria-modal="true"
    class="fade modal show"
    role="dialog"
    style="display: block; padding-right: 0px;"
    tabindex="-1"
  >
    <div
      class="modal-dialog"
    >
      <div
        class="modal-content"
      >
        <div
          class="modal-header"
        >
          <div
            class="modal-title h4"
          >
            Create Post
          </div>
          <button
            aria-label="Close"
            class="btn-close"
            type="button"
          />
        </div>
        <div
          class="modal-body"
        >
          <form
            class=""
          >
            <div
              class="mb-3"
            >
              <textarea
                class="form-control"
                id="postContent"
                name="postContent"
                rows="10"
              />
            </div>
          </form>
        </div>
        <div
          class="modal-footer"
        >
          <button
            class="btn btn-secondary"
            type="button"
          >
            Close
          </button>
          <button
            class="btn btn-primary"
            disabled=""
            type="button"
          >
            Submit
          </button>
        </div>
      </div>
    </div>
  </div>
</body>
`;
